[askbootstrap.com/preview/osahan-eat/theme-sidebar/orders.html]
[askbootstrap.com/preview/osahan-eat/theme-sidebar/img/logo.png]
[backblue.gif]
[fade.gif]
[index.html]
[askbootstrap.com/preview/osahan-eat/theme-sidebar/vendor/fontawesome-free/css/all.min.css]
[askbootstrap.com/preview/osahan-eat/theme-sidebar/css/osahan.css]
[askbootstrap.com/preview/osahan-eat/theme-sidebar/font/stylesheet.css]
[askbootstrap.com/preview/osahan-eat/theme-sidebar/vendor/mdi-icons/css/materialdesignicons.min.css]
[askbootstrap.com/preview/osahan-eat/theme-sidebar/css/custom.css]
[askbootstrap.com/preview/osahan-eat/theme-sidebar/index.html]
[askbootstrap.com/preview/osahan-eat/theme-sidebar/explore.html]
[askbootstrap.com/preview/osahan-eat/theme-sidebar/favourities.html]
[askbootstrap.com/preview/osahan-eat/theme-sidebar/messages.html]
[askbootstrap.com/preview/osahan-eat/theme-sidebar/settings.html]
[askbootstrap.com/preview/osahan-eat/theme-sidebar/detail.html]
[askbootstrap.com/preview/osahan-eat/theme-sidebar/listing.html]
[askbootstrap.com/preview/osahan-eat/theme-sidebar/search.html]
[askbootstrap.com/preview/osahan-eat/theme-sidebar/buttons.html]
[askbootstrap.com/preview/osahan-eat/theme-sidebar/404.html]
[askbootstrap.com/preview/osahan-eat/theme-sidebar/signin.html]
[askbootstrap.com/preview/osahan-eat/theme-sidebar/signup.html]
[askbootstrap.com/preview/osahan-eat/theme-sidebar/forgot.html]
[askbootstrap.com/preview/osahan-eat/theme-sidebar/login.html]
[askbootstrap.com/preview/osahan-eat/theme-sidebar/img/pizza.png]
[askbootstrap.com/preview/osahan-eat/theme-sidebar/img/burger.png]
[askbootstrap.com/preview/osahan-eat/theme-sidebar/img/burger2.png]
[askbootstrap.com/preview/osahan-eat/theme-sidebar/img/bank/1.png]
[askbootstrap.com/preview/osahan-eat/theme-sidebar/img/bank/2.png]
[askbootstrap.com/preview/osahan-eat/theme-sidebar/img/user1.png]
[askbootstrap.com/preview/osahan-eat/theme-sidebar/img/user2.png]
[askbootstrap.com/preview/osahan-eat/theme-sidebar/img/user3.png]
[askbootstrap.com/cdn-cgi/scripts/5c5dd728/cloudflare-static/email-decode.min.js]
[askbootstrap.com/preview/osahan-eat/theme-sidebar/vendor/jquery/jquery.min.js]
[askbootstrap.com/preview/osahan-eat/theme-sidebar/vendor/bootstrap/js/bootstrap.bundle.min.js]
[askbootstrap.com/preview/osahan-eat/theme-sidebar/vendor/jquery-easing/jquery.easing.min.js]
[askbootstrap.com/preview/osahan-eat/theme-sidebar/js/osahan.min.js]
[askbootstrap.com/preview/osahan-eat/theme-sidebar/orders.html]
[askbootstrap.com/cdn-cgi/scripts/7d0fa10a/cloudflare-static/rocket-loader.min.js]
[askbootstrap.com/preview/osahan-eat/theme-sidebar/vendor/fontawesome-free/webfonts/fa-brands-400.eot]
[askbootstrap.com/preview/osahan-eat/theme-sidebar/vendor/fontawesome-free/webfonts/fa-brands-400d41d.eot]
[askbootstrap.com/preview/osahan-eat/theme-sidebar/vendor/fontawesome-free/webfonts/fa-brands-400.woff2]
[askbootstrap.com/preview/osahan-eat/theme-sidebar/vendor/fontawesome-free/webfonts/fa-brands-400.woff]
[askbootstrap.com/preview/osahan-eat/theme-sidebar/vendor/fontawesome-free/webfonts/fa-brands-400.ttf]
[askbootstrap.com/preview/osahan-eat/theme-sidebar/vendor/fontawesome-free/webfonts/fa-brands-400.svg]
[askbootstrap.com/preview/osahan-eat/theme-sidebar/vendor/fontawesome-free/webfonts/fa-regular-400.eot]
[askbootstrap.com/preview/osahan-eat/theme-sidebar/vendor/fontawesome-free/webfonts/fa-regular-400d41d.eot]
[askbootstrap.com/preview/osahan-eat/theme-sidebar/vendor/fontawesome-free/webfonts/fa-regular-400.woff2]
[askbootstrap.com/preview/osahan-eat/theme-sidebar/vendor/fontawesome-free/webfonts/fa-regular-400.woff]
[askbootstrap.com/preview/osahan-eat/theme-sidebar/vendor/fontawesome-free/webfonts/fa-regular-400.ttf]
[askbootstrap.com/preview/osahan-eat/theme-sidebar/vendor/fontawesome-free/webfonts/fa-regular-400.svg]
[askbootstrap.com/preview/osahan-eat/theme-sidebar/vendor/fontawesome-free/webfonts/fa-solid-900.eot]
[askbootstrap.com/preview/osahan-eat/theme-sidebar/vendor/fontawesome-free/webfonts/fa-solid-900d41d.eot]
[askbootstrap.com/preview/osahan-eat/theme-sidebar/vendor/fontawesome-free/webfonts/fa-solid-900.woff2]
[askbootstrap.com/preview/osahan-eat/theme-sidebar/vendor/fontawesome-free/webfonts/fa-solid-900.woff]
[askbootstrap.com/preview/osahan-eat/theme-sidebar/vendor/fontawesome-free/webfonts/fa-solid-900.ttf]
[askbootstrap.com/preview/osahan-eat/theme-sidebar/vendor/fontawesome-free/css/all.min.css]
[askbootstrap.com/preview/osahan-eat/theme-sidebar/css/osahan.css]
[askbootstrap.com/preview/osahan-eat/theme-sidebar/vendor/fontawesome-free/webfonts/fa-solid-900.svg]
[askbootstrap.com/preview/osahan-eat/theme-sidebar/font/CircularStd-Bold.woff2]
[askbootstrap.com/preview/osahan-eat/theme-sidebar/font/CircularStd-Bold.woff]
[askbootstrap.com/preview/osahan-eat/theme-sidebar/font/CircularStd-BlackItalic.woff2]
[askbootstrap.com/preview/osahan-eat/theme-sidebar/font/CircularStd-BlackItalic.woff]
[askbootstrap.com/preview/osahan-eat/theme-sidebar/font/CircularStd-Black.woff2]
[askbootstrap.com/preview/osahan-eat/theme-sidebar/font/CircularStd-Black.woff]
[askbootstrap.com/preview/osahan-eat/theme-sidebar/font/860c3ec7bbc5da3e97233ccecafe512e.eot]
[askbootstrap.com/preview/osahan-eat/theme-sidebar/font/860c3ec7bbc5da3e97233ccecafe512ed41d.eot]
[askbootstrap.com/preview/osahan-eat/theme-sidebar/font/860c3ec7bbc5da3e97233ccecafe512e.woff2]
[askbootstrap.com/preview/osahan-eat/theme-sidebar/font/860c3ec7bbc5da3e97233ccecafe512e.woff]
[askbootstrap.com/preview/osahan-eat/theme-sidebar/font/860c3ec7bbc5da3e97233ccecafe512e.ttf]
[askbootstrap.com/preview/osahan-eat/theme-sidebar/font/stylesheet.css]
[askbootstrap.com/preview/osahan-eat/theme-sidebar/font/860c3ec7bbc5da3e97233ccecafe512e.svg]
[askbootstrap.com/preview/osahan-eat/theme-sidebar/vendor/mdi-icons/fonts/materialdesignicons-webfonte910.eot]
[askbootstrap.com/preview/osahan-eat/theme-sidebar/vendor/mdi-icons/fonts/materialdesignicons-webfontd41d.eot]
[askbootstrap.com/preview/osahan-eat/theme-sidebar/vendor/mdi-icons/fonts/materialdesignicons-webfonte910.woff2]
[askbootstrap.com/preview/osahan-eat/theme-sidebar/vendor/mdi-icons/fonts/materialdesignicons-webfonte910.woff]
[askbootstrap.com/preview/osahan-eat/theme-sidebar/vendor/mdi-icons/fonts/materialdesignicons-webfonte910.ttf]
[askbootstrap.com/preview/osahan-eat/theme-sidebar/vendor/mdi-icons/css/materialdesignicons.min.css]
[askbootstrap.com/preview/osahan-eat/theme-sidebar/img/banner-img.jpg]
[askbootstrap.com/preview/osahan-eat/theme-sidebar/css/custom.css]
[askbootstrap.com/preview/osahan-eat/theme-sidebar/img/burgerking.png]
[askbootstrap.com/preview/osahan-eat/theme-sidebar/img/pizzahut.png]
[askbootstrap.com/preview/osahan-eat/theme-sidebar/img/kfc.png]
[askbootstrap.com/preview/osahan-eat/theme-sidebar/img/macd.png]
[askbootstrap.com/preview/osahan-eat/theme-sidebar/img/domino.png]
[askbootstrap.com/preview/osahan-eat/theme-sidebar/img/subway.png]
[askbootstrap.com/preview/osahan-eat/theme-sidebar/img/food1.jpg]
[askbootstrap.com/preview/osahan-eat/theme-sidebar/img/food2.jpg]
[askbootstrap.com/preview/osahan-eat/theme-sidebar/img/food3.jpg]
[askbootstrap.com/preview/osahan-eat/theme-sidebar/img/food4.jpg]
[askbootstrap.com/preview/osahan-eat/theme-sidebar/img/food5.jpg]
[askbootstrap.com/preview/osahan-eat/theme-sidebar/img/food6.jpg]
[askbootstrap.com/preview/osahan-eat/theme-sidebar/index.html]
[askbootstrap.com/preview/osahan-eat/theme-sidebar/img/food-banner.png]
[askbootstrap.com/preview/osahan-eat/theme-sidebar/explore.html]
[askbootstrap.com/preview/osahan-eat/theme-sidebar/favourities.html]
[askbootstrap.com/preview/osahan-eat/theme-sidebar/img/user4.png]
[askbootstrap.com/preview/osahan-eat/theme-sidebar/messages.html]
[askbootstrap.com/preview/osahan-eat/theme-sidebar/settings.html]
[askbootstrap.com/preview/osahan-eat/theme-sidebar/img/banner.jpg]
[askbootstrap.com/preview/osahan-eat/theme-sidebar/img/king-logo.png]
[askbootstrap.com/preview/osahan-eat/theme-sidebar/detail.html]
[askbootstrap.com/preview/osahan-eat/theme-sidebar/listing.html]
[askbootstrap.com/preview/osahan-eat/theme-sidebar/search.html]
[askbootstrap.com/preview/osahan-eat/theme-sidebar/buttons.html]
[askbootstrap.com/preview/osahan-eat/theme-sidebar/404.html]
[askbootstrap.com/preview/osahan-eat/theme-sidebar/signin.html]
[askbootstrap.com/preview/osahan-eat/theme-sidebar/signup.html]
[askbootstrap.com/preview/osahan-eat/theme-sidebar/forgot.html]
[askbootstrap.com/preview/osahan-eat/theme-sidebar/login.html]
[askbootstrap.com/preview/osahan-eat/theme-sidebar/vendor/jquery/jquery.min.js]
[askbootstrap.com/preview/osahan-eat/theme-sidebar/vendor/bootstrap/js/bootstrap.bundle.min.js]
[askbootstrap.com/preview/osahan-eat/theme-sidebar/vendor/jquery-easing/jquery.easing.min.js]
[askbootstrap.com/preview/osahan-eat/theme-sidebar/js/osahan.min.js]
[askbootstrap.com/preview/osahan-eat/theme-sidebar/vendor/fontawesome-free/webfonts/fa-brands-400.svg]
[askbootstrap.com/preview/osahan-eat/theme-sidebar/vendor/fontawesome-free/webfonts/fa-regular-400.svg]
[askbootstrap.com/preview/osahan-eat/theme-sidebar/vendor/fontawesome-free/webfonts/fa-solid-900.svg]
[askbootstrap.com/preview/osahan-eat/theme-sidebar/font/860c3ec7bbc5da3e97233ccecafe512e.svg]
